loading data.npz (400000 per material, drop_nuisance=False)
  1600000 samples -> 1440000 train / 160000 held out
    h=8 L=1 step      1/25000  whitened MSE 0.86449  (0s)
    h=8 L=1 step   2083/25000  whitened MSE 0.23738  (6s)
    h=8 L=1 step   4166/25000  whitened MSE 0.17701  (12s)
    h=8 L=1 step   6249/25000  whitened MSE 0.16958  (18s)
    h=8 L=1 step   8332/25000  whitened MSE 0.20858  (23s)
    h=8 L=1 step  10415/25000  whitened MSE 0.21254  (29s)
    h=8 L=1 step  12498/25000  whitened MSE 0.21200  (35s)
    h=8 L=1 step  14581/25000  whitened MSE 0.17030  (41s)
    h=8 L=1 step  16664/25000  whitened MSE 0.18422  (47s)
    h=8 L=1 step  18747/25000  whitened MSE 0.18828  (53s)
    h=8 L=1 step  20830/25000  whitened MSE 0.20555  (58s)
    h=8 L=1 step  22913/25000  whitened MSE 0.19873  (64s)
    h=8 L=1 step  24996/25000  whitened MSE 0.19276  (70s)
  h=8: held-out relative error (1.0 = no better than the mean)
    fluid     tau00=0.206  tau01=0.147  tau11=0.174  dS00=0.551  dS01=0.607  dS11=0.543  dJp=0.261
    elastic   tau00=0.548  tau01=0.313  tau11=0.554  dS00=0.479  dS01=0.513  dS11=0.489  dJp=0.257
    snow      tau00=0.960  tau01=0.928  tau11=0.940  dS00=0.852  dS01=0.630  dS11=0.838  dJp=0.912
    sand      tau00=0.604  tau01=0.377  tau11=0.473  dS00=0.675  dS01=0.573  dS11=0.683  dJp=0.675
    all       tau00=0.523  tau01=0.348  tau11=0.520  dS00=0.701  dS01=0.647  dS11=0.709  dJp=0.748
    h=16 L=1 step      1/25000  whitened MSE 0.86202  (0s)
    h=16 L=1 step   2083/25000  whitened MSE 0.19854  (6s)
    h=16 L=1 step   4166/25000  whitened MSE 0.12167  (13s)
    h=16 L=1 step   6249/25000  whitened MSE 0.12120  (19s)
    h=16 L=1 step   8332/25000  whitened MSE 0.12349  (26s)
    h=16 L=1 step  10415/25000  whitened MSE 0.12673  (32s)
    h=16 L=1 step  12498/25000  whitened MSE 0.12667  (39s)
    h=16 L=1 step  14581/25000  whitened MSE 0.11456  (46s)
    h=16 L=1 step  16664/25000  whitened MSE 0.12954  (52s)
    h=16 L=1 step  18747/25000  whitened MSE 0.11702  (59s)
    h=16 L=1 step  20830/25000  whitened MSE 0.11444  (65s)
    h=16 L=1 step  22913/25000  whitened MSE 0.15084  (72s)
    h=16 L=1 step  24996/25000  whitened MSE 0.11546  (78s)
  h=16: held-out relative error (1.0 = no better than the mean)
    fluid     tau00=0.153  tau01=0.053  tau11=0.183  dS00=0.348  dS01=0.490  dS11=0.340  dJp=0.182
    elastic   tau00=0.386  tau01=0.263  tau11=0.467  dS00=0.324  dS01=0.219  dS11=0.340  dJp=0.232
    snow      tau00=0.614  tau01=0.787  tau11=0.583  dS00=0.605  dS01=0.589  dS11=0.615  dJp=0.795
    sand      tau00=0.460  tau01=0.254  tau11=0.415  dS00=0.545  dS01=0.512  dS11=0.549  dJp=0.553
    all       tau00=0.370  tau01=0.283  tau11=0.437  dS00=0.531  dS01=0.517  dS11=0.537  dJp=0.624
    h=32 L=1 step      1/25000  whitened MSE 0.70519  (0s)
    h=32 L=1 step   2083/25000  whitened MSE 0.11881  (9s)
    h=32 L=1 step   4166/25000  whitened MSE 0.08910  (19s)
    h=32 L=1 step   6249/25000  whitened MSE 0.08652  (28s)
    h=32 L=1 step   8332/25000  whitened MSE 0.08525  (37s)
    h=32 L=1 step  10415/25000  whitened MSE 0.09133  (47s)
    h=32 L=1 step  12498/25000  whitened MSE 0.07806  (56s)
    h=32 L=1 step  14581/25000  whitened MSE 0.06570  (65s)
    h=32 L=1 step  16664/25000  whitened MSE 0.08273  (75s)
    h=32 L=1 step  18747/25000  whitened MSE 0.06731  (84s)
    h=32 L=1 step  20830/25000  whitened MSE 0.07837  (93s)
    h=32 L=1 step  22913/25000  whitened MSE 0.07563  (102s)
    h=32 L=1 step  24996/25000  whitened MSE 0.07009  (112s)
  h=32: held-out relative error (1.0 = no better than the mean)
    fluid     tau00=0.083  tau01=0.047  tau11=0.071  dS00=0.185  dS01=0.231  dS11=0.189  dJp=0.082
    elastic   tau00=0.255  tau01=0.224  tau11=0.273  dS00=0.169  dS01=0.196  dS11=0.162  dJp=0.155
    snow      tau00=0.594  tau01=0.615  tau11=0.589  dS00=0.485  dS01=0.549  dS11=0.518  dJp=0.707
    sand      tau00=0.261  tau01=0.269  tau11=0.229  dS00=0.501  dS01=0.466  dS11=0.507  dJp=0.506
    all       tau00=0.245  tau01=0.242  tau11=0.259  dS00=0.446  dS01=0.383  dS11=0.455  dJp=0.556
    h=64 L=1 step      1/25000  whitened MSE 1.03950  (0s)
    h=64 L=1 step   2083/25000  whitened MSE 0.09103  (13s)
    h=64 L=1 step   4166/25000  whitened MSE 0.06713  (26s)
    h=64 L=1 step   6249/25000  whitened MSE 0.06809  (39s)
    h=64 L=1 step   8332/25000  whitened MSE 0.05561  (52s)
    h=64 L=1 step  10415/25000  whitened MSE 0.06723  (65s)
    h=64 L=1 step  12498/25000  whitened MSE 0.05337  (78s)
    h=64 L=1 step  14581/25000  whitened MSE 0.05534  (91s)
    h=64 L=1 step  16664/25000  whitened MSE 0.06337  (104s)
    h=64 L=1 step  18747/25000  whitened MSE 0.06947  (117s)
    h=64 L=1 step  20830/25000  whitened MSE 0.04498  (130s)
    h=64 L=1 step  22913/25000  whitened MSE 0.05191  (143s)
    h=64 L=1 step  24996/25000  whitened MSE 0.04991  (157s)
  h=64: held-out relative error (1.0 = no better than the mean)
    fluid     tau00=0.117  tau01=0.044  tau11=0.084  dS00=0.154  dS01=0.160  dS11=0.153  dJp=0.077
    elastic   tau00=0.260  tau01=0.178  tau11=0.247  dS00=0.147  dS01=0.173  dS11=0.149  dJp=0.131
    snow      tau00=0.533  tau01=0.352  tau11=0.383  dS00=0.383  dS01=0.373  dS11=0.391  dJp=0.586
    sand      tau00=0.245  tau01=0.210  tau11=0.194  dS00=0.442  dS01=0.435  dS11=0.446  dJp=0.426
    all       tau00=0.249  tau01=0.187  tau11=0.230  dS00=0.389  dS01=0.330  dS11=0.393  dJp=0.467
    h=128 L=1 step      1/25000  whitened MSE 0.80904  (0s)
    h=128 L=1 step   2083/25000  whitened MSE 0.07774  (21s)
    h=128 L=1 step   4166/25000  whitened MSE 0.05826  (42s)
    h=128 L=1 step   6249/25000  whitened MSE 0.06781  (63s)
    h=128 L=1 step   8332/25000  whitened MSE 0.04407  (84s)
    h=128 L=1 step  10415/25000  whitened MSE 0.04965  (105s)
    h=128 L=1 step  12498/25000  whitened MSE 0.04185  (126s)
    h=128 L=1 step  14581/25000  whitened MSE 0.05218  (147s)
    h=128 L=1 step  16664/25000  whitened MSE 0.04043  (168s)
    h=128 L=1 step  18747/25000  whitened MSE 0.03728  (189s)
    h=128 L=1 step  20830/25000  whitened MSE 0.03186  (210s)
    h=128 L=1 step  22913/25000  whitened MSE 0.03626  (231s)
    h=128 L=1 step  24996/25000  whitened MSE 0.03321  (252s)
  h=128: held-out relative error (1.0 = no better than the mean)
    fluid     tau00=0.067  tau01=0.056  tau11=0.054  dS00=0.140  dS01=0.150  dS11=0.137  dJp=0.065
    elastic   tau00=0.210  tau01=0.161  tau11=0.189  dS00=0.130  dS01=0.170  dS11=0.136  dJp=0.114
    snow      tau00=0.423  tau01=0.417  tau11=0.411  dS00=0.268  dS01=0.290  dS11=0.285  dJp=0.522
    sand      tau00=0.192  tau01=0.137  tau11=0.139  dS00=0.383  dS01=0.365  dS11=0.389  dJp=0.387
    all       tau00=0.199  tau01=0.170  tau11=0.178  dS00=0.334  dS01=0.283  dS11=0.339  dJp=0.420
